------------------------------------------------------------
Timing Analyzer Summary
------------------------------------------------------------

Type  : Slow 1100mV 85C Model Setup 'KEY[0]'
Slack : -6.259
TNS   : -382.397

Type  : Slow 1100mV 85C Model Setup 'CLOCK_50'
Slack : -2.647
TNS   : -2.647

Type  : Slow 1100mV 85C Model Hold 'KEY[0]'
Slack : 0.421
TNS   : 0.000

Type  : Slow 1100mV 85C Model Hold 'CLOCK_50'
Slack : 0.840
TNS   : 0.000

Type  : Slow 1100mV 85C Model Minimum Pulse Width 'KEY[0]'
Slack : -0.538
TNS   : -81.268

Type  : Slow 1100mV 85C Model Minimum Pulse Width 'CLOCK_50'
Slack : -0.538
TNS   : -0.811

Type  : Slow 1100mV 0C Model Setup 'KEY[0]'
Slack : -6.334
TNS   : -377.352

Type  : Slow 1100mV 0C Model Setup 'CLOCK_50'
Slack : -2.644
TNS   : -2.644

Type  : Slow 1100mV 0C Model Hold 'KEY[0]'
Slack : 0.384
TNS   : 0.000

Type  : Slow 1100mV 0C Model Hold 'CLOCK_50'
Slack : 0.770
TNS   : 0.000

Type  : Slow 1100mV 0C Model Minimum Pulse Width 'KEY[0]'
Slack : -0.538
TNS   : -81.667

Type  : Slow 1100mV 0C Model Minimum Pulse Width 'CLOCK_50'
Slack : -0.538
TNS   : -0.819

Type  : Fast 1100mV 85C Model Setup 'KEY[0]'
Slack : -2.648
TNS   : -154.326

Type  : Fast 1100mV 85C Model Setup 'CLOCK_50'
Slack : -2.000
TNS   : -2.000

Type  : Fast 1100mV 85C Model Hold 'KEY[0]'
Slack : 0.173
TNS   : 0.000

Type  : Fast 1100mV 85C Model Hold 'CLOCK_50'
Slack : 0.430
TNS   : 0.000

Type  : Fast 1100mV 85C Model Minimum Pulse Width 'CLOCK_50'
Slack : -0.270
TNS   : -0.270

Type  : Fast 1100mV 85C Model Minimum Pulse Width 'KEY[0]'
Slack : -0.242
TNS   : -15.414

Type  : Fast 1100mV 0C Model Setup 'KEY[0]'
Slack : -2.391
TNS   : -134.285

Type  : Fast 1100mV 0C Model Setup 'CLOCK_50'
Slack : -1.797
TNS   : -1.797

Type  : Fast 1100mV 0C Model Hold 'KEY[0]'
Slack : 0.148
TNS   : 0.000

Type  : Fast 1100mV 0C Model Hold 'CLOCK_50'
Slack : 0.296
TNS   : 0.000

Type  : Fast 1100mV 0C Model Minimum Pulse Width 'CLOCK_50'
Slack : -0.275
TNS   : -0.275

Type  : Fast 1100mV 0C Model Minimum Pulse Width 'KEY[0]'
Slack : -0.267
TNS   : -19.105

------------------------------------------------------------
