------------------------------------------------------------
Timing Analyzer Summary
------------------------------------------------------------

Type  : Slow 1100mV 85C Model Setup 'KEY[3]'
Slack : -9.595
TNS   : -3010.589

Type  : Slow 1100mV 85C Model Setup 'CLOCK_50'
Slack : -2.721
TNS   : -5.436

Type  : Slow 1100mV 85C Model Hold 'KEY[3]'
Slack : 0.585
TNS   : 0.000

Type  : Slow 1100mV 85C Model Hold 'CLOCK_50'
Slack : 1.050
TNS   : 0.000

Type  : Slow 1100mV 85C Model Recovery 'KEY[0]'
Slack : -4.272
TNS   : -4.272

Type  : Slow 1100mV 85C Model Removal 'KEY[0]'
Slack : 1.272
TNS   : 0.000

Type  : Slow 1100mV 85C Model Minimum Pulse Width 'KEY[3]'
Slack : -0.538
TNS   : -492.074

Type  : Slow 1100mV 85C Model Minimum Pulse Width 'CLOCK_50'
Slack : -0.538
TNS   : -1.708

Type  : Slow 1100mV 85C Model Minimum Pulse Width 'KEY[0]'
Slack : -0.538
TNS   : -1.013

Type  : Slow 1100mV 0C Model Setup 'KEY[3]'
Slack : -9.839
TNS   : -2947.234

Type  : Slow 1100mV 0C Model Setup 'CLOCK_50'
Slack : -2.533
TNS   : -5.058

Type  : Slow 1100mV 0C Model Hold 'KEY[3]'
Slack : 0.623
TNS   : 0.000

Type  : Slow 1100mV 0C Model Hold 'CLOCK_50'
Slack : 0.733
TNS   : 0.000

Type  : Slow 1100mV 0C Model Recovery 'KEY[0]'
Slack : -4.258
TNS   : -4.258

Type  : Slow 1100mV 0C Model Removal 'KEY[0]'
Slack : 1.176
TNS   : 0.000

Type  : Slow 1100mV 0C Model Minimum Pulse Width 'KEY[3]'
Slack : -0.538
TNS   : -545.880

Type  : Slow 1100mV 0C Model Minimum Pulse Width 'CLOCK_50'
Slack : -0.538
TNS   : -1.548

Type  : Slow 1100mV 0C Model Minimum Pulse Width 'KEY[0]'
Slack : -0.538
TNS   : -1.057

Type  : Fast 1100mV 85C Model Setup 'KEY[3]'
Slack : -4.261
TNS   : -1311.515

Type  : Fast 1100mV 85C Model Setup 'CLOCK_50'
Slack : -1.862
TNS   : -3.648

Type  : Fast 1100mV 85C Model Hold 'KEY[3]'
Slack : 0.201
TNS   : 0.000

Type  : Fast 1100mV 85C Model Hold 'CLOCK_50'
Slack : 0.295
TNS   : 0.000

Type  : Fast 1100mV 85C Model Recovery 'KEY[0]'
Slack : -1.501
TNS   : -1.501

Type  : Fast 1100mV 85C Model Removal 'KEY[0]'
Slack : 0.367
TNS   : 0.000

Type  : Fast 1100mV 85C Model Minimum Pulse Width 'KEY[0]'
Slack : -0.682
TNS   : -1.945

Type  : Fast 1100mV 85C Model Minimum Pulse Width 'KEY[3]'
Slack : -0.631
TNS   : -460.059

Type  : Fast 1100mV 85C Model Minimum Pulse Width 'CLOCK_50'
Slack : -0.398
TNS   : -1.369

Type  : Fast 1100mV 0C Model Setup 'KEY[3]'
Slack : -3.807
TNS   : -1138.935

Type  : Fast 1100mV 0C Model Setup 'CLOCK_50'
Slack : -1.655
TNS   : -3.285

Type  : Fast 1100mV 0C Model Hold 'CLOCK_50'
Slack : 0.116
TNS   : 0.000

Type  : Fast 1100mV 0C Model Hold 'KEY[3]'
Slack : 0.186
TNS   : 0.000

Type  : Fast 1100mV 0C Model Recovery 'KEY[0]'
Slack : -1.319
TNS   : -1.319

Type  : Fast 1100mV 0C Model Removal 'KEY[0]'
Slack : 0.271
TNS   : 0.000

Type  : Fast 1100mV 0C Model Minimum Pulse Width 'KEY[0]'
Slack : -0.724
TNS   : -2.157

Type  : Fast 1100mV 0C Model Minimum Pulse Width 'KEY[3]'
Slack : -0.698
TNS   : -546.611

Type  : Fast 1100mV 0C Model Minimum Pulse Width 'CLOCK_50'
Slack : -0.440
TNS   : -1.703

------------------------------------------------------------
