------------------------------------------------------------
Timing Analyzer Summary
------------------------------------------------------------

Type  : Slow 1100mV 85C Model Setup 'KEY[0]'
Slack : -4.301
TNS   : -108.265

Type  : Slow 1100mV 85C Model Setup 'CLOCK_50'
Slack : -3.044
TNS   : -3.044

Type  : Slow 1100mV 85C Model Hold 'KEY[0]'
Slack : 0.634
TNS   : 0.000

Type  : Slow 1100mV 85C Model Hold 'CLOCK_50'
Slack : 0.801
TNS   : 0.000

Type  : Slow 1100mV 85C Model Minimum Pulse Width 'CLOCK_50'
Slack : -0.728
TNS   : -1.266

Type  : Slow 1100mV 85C Model Minimum Pulse Width 'KEY[0]'
Slack : -0.539
TNS   : -43.713

Type  : Slow 1100mV 0C Model Setup 'KEY[0]'
Slack : -4.404
TNS   : -107.731

Type  : Slow 1100mV 0C Model Setup 'CLOCK_50'
Slack : -3.005
TNS   : -3.005

Type  : Slow 1100mV 0C Model Hold 'KEY[0]'
Slack : 0.598
TNS   : 0.000

Type  : Slow 1100mV 0C Model Hold 'CLOCK_50'
Slack : 0.605
TNS   : 0.000

Type  : Slow 1100mV 0C Model Minimum Pulse Width 'CLOCK_50'
Slack : -0.728
TNS   : -1.287

Type  : Slow 1100mV 0C Model Minimum Pulse Width 'KEY[0]'
Slack : -0.602
TNS   : -46.440

Type  : Fast 1100mV 85C Model Setup 'CLOCK_50'
Slack : -2.254
TNS   : -2.254

Type  : Fast 1100mV 85C Model Setup 'KEY[0]'
Slack : -1.662
TNS   : -36.517

Type  : Fast 1100mV 85C Model Hold 'CLOCK_50'
Slack : 0.224
TNS   : 0.000

Type  : Fast 1100mV 85C Model Hold 'KEY[0]'
Slack : 0.233
TNS   : 0.000

Type  : Fast 1100mV 85C Model Minimum Pulse Width 'CLOCK_50'
Slack : -0.768
TNS   : -1.352

Type  : Fast 1100mV 85C Model Minimum Pulse Width 'KEY[0]'
Slack : -0.706
TNS   : -41.947

Type  : Fast 1100mV 0C Model Setup 'CLOCK_50'
Slack : -2.086
TNS   : -2.086

Type  : Fast 1100mV 0C Model Setup 'KEY[0]'
Slack : -1.507
TNS   : -31.387

Type  : Fast 1100mV 0C Model Hold 'CLOCK_50'
Slack : 0.072
TNS   : 0.000

Type  : Fast 1100mV 0C Model Hold 'KEY[0]'
Slack : 0.202
TNS   : 0.000

Type  : Fast 1100mV 0C Model Minimum Pulse Width 'CLOCK_50'
Slack : -0.767
TNS   : -1.406

Type  : Fast 1100mV 0C Model Minimum Pulse Width 'KEY[0]'
Slack : -0.741
TNS   : -44.610

------------------------------------------------------------
