------------------------------------------------------------
Timing Analyzer Summary
------------------------------------------------------------

Type  : Slow 1100mV 85C Model Setup 'CLOCK_50'
Slack : -10.189
TNS   : -4454.115

Type  : Slow 1100mV 85C Model Hold 'CLOCK_50'
Slack : 0.559
TNS   : 0.000

Type  : Slow 1100mV 85C Model Recovery 'KEY[0]'
Slack : -4.388
TNS   : -4.388

Type  : Slow 1100mV 85C Model Recovery 'KEY[2]'
Slack : -4.340
TNS   : -4.340

Type  : Slow 1100mV 85C Model Recovery 'KEY[1]'
Slack : -4.193
TNS   : -4.193

Type  : Slow 1100mV 85C Model Removal 'KEY[1]'
Slack : 1.180
TNS   : 0.000

Type  : Slow 1100mV 85C Model Removal 'KEY[2]'
Slack : 1.332
TNS   : 0.000

Type  : Slow 1100mV 85C Model Removal 'KEY[0]'
Slack : 1.404
TNS   : 0.000

Type  : Slow 1100mV 85C Model Minimum Pulse Width 'CLOCK_50'
Slack : -0.538
TNS   : -537.375

Type  : Slow 1100mV 85C Model Minimum Pulse Width 'KEY[1]'
Slack : -0.538
TNS   : -0.897

Type  : Slow 1100mV 85C Model Minimum Pulse Width 'KEY[0]'
Slack : -0.538
TNS   : -0.882

Type  : Slow 1100mV 85C Model Minimum Pulse Width 'KEY[2]'
Slack : -0.538
TNS   : -0.805

Type  : Slow 1100mV 0C Model Setup 'CLOCK_50'
Slack : -10.234
TNS   : -4385.881

Type  : Slow 1100mV 0C Model Hold 'CLOCK_50'
Slack : 0.606
TNS   : 0.000

Type  : Slow 1100mV 0C Model Recovery 'KEY[2]'
Slack : -4.605
TNS   : -4.605

Type  : Slow 1100mV 0C Model Recovery 'KEY[0]'
Slack : -4.589
TNS   : -4.589

Type  : Slow 1100mV 0C Model Recovery 'KEY[1]'
Slack : -4.352
TNS   : -4.352

Type  : Slow 1100mV 0C Model Removal 'KEY[1]'
Slack : 1.206
TNS   : 0.000

Type  : Slow 1100mV 0C Model Removal 'KEY[2]'
Slack : 1.417
TNS   : 0.000

Type  : Slow 1100mV 0C Model Removal 'KEY[0]'
Slack : 1.470
TNS   : 0.000

Type  : Slow 1100mV 0C Model Minimum Pulse Width 'CLOCK_50'
Slack : -0.538
TNS   : -477.978

Type  : Slow 1100mV 0C Model Minimum Pulse Width 'KEY[1]'
Slack : -0.538
TNS   : -0.923

Type  : Slow 1100mV 0C Model Minimum Pulse Width 'KEY[0]'
Slack : -0.538
TNS   : -0.887

Type  : Slow 1100mV 0C Model Minimum Pulse Width 'KEY[2]'
Slack : -0.538
TNS   : -0.786

Type  : Fast 1100mV 85C Model Setup 'CLOCK_50'
Slack : -4.898
TNS   : -2063.797

Type  : Fast 1100mV 85C Model Hold 'CLOCK_50'
Slack : 0.219
TNS   : 0.000

Type  : Fast 1100mV 85C Model Recovery 'KEY[0]'
Slack : -1.714
TNS   : -1.714

Type  : Fast 1100mV 85C Model Recovery 'KEY[1]'
Slack : -1.651
TNS   : -1.651

Type  : Fast 1100mV 85C Model Recovery 'KEY[2]'
Slack : -1.617
TNS   : -1.617

Type  : Fast 1100mV 85C Model Removal 'KEY[1]'
Slack : 0.287
TNS   : 0.000

Type  : Fast 1100mV 85C Model Removal 'KEY[2]'
Slack : 0.349
TNS   : 0.000

Type  : Fast 1100mV 85C Model Removal 'KEY[0]'
Slack : 0.391
TNS   : 0.000

Type  : Fast 1100mV 85C Model Minimum Pulse Width 'KEY[2]'
Slack : -0.442
TNS   : -1.265

Type  : Fast 1100mV 85C Model Minimum Pulse Width 'KEY[0]'
Slack : -0.414
TNS   : -1.170

Type  : Fast 1100mV 85C Model Minimum Pulse Width 'CLOCK_50'
Slack : -0.408
TNS   : -274.005

Type  : Fast 1100mV 85C Model Minimum Pulse Width 'KEY[1]'
Slack : -0.384
TNS   : -1.152

Type  : Fast 1100mV 0C Model Setup 'CLOCK_50'
Slack : -4.311
TNS   : -1784.047

Type  : Fast 1100mV 0C Model Hold 'CLOCK_50'
Slack : 0.203
TNS   : 0.000

Type  : Fast 1100mV 0C Model Recovery 'KEY[0]'
Slack : -1.501
TNS   : -1.501

Type  : Fast 1100mV 0C Model Recovery 'KEY[2]'
Slack : -1.444
TNS   : -1.444

Type  : Fast 1100mV 0C Model Recovery 'KEY[1]'
Slack : -1.416
TNS   : -1.416

Type  : Fast 1100mV 0C Model Removal 'KEY[1]'
Slack : 0.202
TNS   : 0.000

Type  : Fast 1100mV 0C Model Removal 'KEY[2]'
Slack : 0.294
TNS   : 0.000

Type  : Fast 1100mV 0C Model Removal 'KEY[0]'
Slack : 0.310
TNS   : 0.000

Type  : Fast 1100mV 0C Model Minimum Pulse Width 'KEY[2]'
Slack : -0.495
TNS   : -1.495

Type  : Fast 1100mV 0C Model Minimum Pulse Width 'KEY[0]'
Slack : -0.475
TNS   : -1.426

Type  : Fast 1100mV 0C Model Minimum Pulse Width 'KEY[1]'
Slack : -0.471
TNS   : -1.454

Type  : Fast 1100mV 0C Model Minimum Pulse Width 'CLOCK_50'
Slack : -0.446
TNS   : -328.697

------------------------------------------------------------
