------------------------------------------------------------
Timing Analyzer Summary
------------------------------------------------------------

Type  : Slow 1100mV 85C Model Setup 'CLOCK_50'
Slack : -8.552
TNS   : -812.848

Type  : Slow 1100mV 85C Model Hold 'CLOCK_50'
Slack : 0.470
TNS   : 0.000

Type  : Slow 1100mV 85C Model Recovery 'KEY[2]'
Slack : -3.287
TNS   : -6.568

Type  : Slow 1100mV 85C Model Recovery 'KEY[0]'
Slack : -3.220
TNS   : -3.220

Type  : Slow 1100mV 85C Model Removal 'KEY[2]'
Slack : 0.891
TNS   : 0.000

Type  : Slow 1100mV 85C Model Removal 'KEY[0]'
Slack : 1.073
TNS   : 0.000

Type  : Slow 1100mV 85C Model Minimum Pulse Width 'KEY[2]'
Slack : -0.677
TNS   : -2.425

Type  : Slow 1100mV 85C Model Minimum Pulse Width 'KEY[0]'
Slack : -0.592
TNS   : -1.130

Type  : Slow 1100mV 85C Model Minimum Pulse Width 'CLOCK_50'
Slack : -0.538
TNS   : -129.784

Type  : Slow 1100mV 0C Model Setup 'CLOCK_50'
Slack : -8.717
TNS   : -811.230

Type  : Slow 1100mV 0C Model Hold 'CLOCK_50'
Slack : 0.505
TNS   : 0.000

Type  : Slow 1100mV 0C Model Recovery 'KEY[0]'
Slack : -3.533
TNS   : -3.533

Type  : Slow 1100mV 0C Model Recovery 'KEY[2]'
Slack : -3.466
TNS   : -6.925

Type  : Slow 1100mV 0C Model Removal 'KEY[2]'
Slack : 1.048
TNS   : 0.000

Type  : Slow 1100mV 0C Model Removal 'KEY[0]'
Slack : 1.221
TNS   : 0.000

Type  : Slow 1100mV 0C Model Minimum Pulse Width 'KEY[2]'
Slack : -0.712
TNS   : -2.504

Type  : Slow 1100mV 0C Model Minimum Pulse Width 'KEY[0]'
Slack : -0.655
TNS   : -1.193

Type  : Slow 1100mV 0C Model Minimum Pulse Width 'CLOCK_50'
Slack : -0.538
TNS   : -115.136

Type  : Fast 1100mV 85C Model Setup 'CLOCK_50'
Slack : -3.836
TNS   : -341.321

Type  : Fast 1100mV 85C Model Hold 'CLOCK_50'
Slack : 0.184
TNS   : 0.000

Type  : Fast 1100mV 85C Model Recovery 'KEY[2]'
Slack : -1.409
TNS   : -2.816

Type  : Fast 1100mV 85C Model Recovery 'KEY[0]'
Slack : -1.349
TNS   : -1.349

Type  : Fast 1100mV 85C Model Removal 'KEY[2]'
Slack : 0.512
TNS   : 0.000

Type  : Fast 1100mV 85C Model Removal 'KEY[0]'
Slack : 0.641
TNS   : 0.000

Type  : Fast 1100mV 85C Model Minimum Pulse Width 'KEY[2]'
Slack : -0.759
TNS   : -2.498

Type  : Fast 1100mV 85C Model Minimum Pulse Width 'KEY[0]'
Slack : -0.706
TNS   : -1.225

Type  : Fast 1100mV 85C Model Minimum Pulse Width 'CLOCK_50'
Slack : -0.408
TNS   : -66.792

Type  : Fast 1100mV 0C Model Setup 'CLOCK_50'
Slack : -3.395
TNS   : -295.664

Type  : Fast 1100mV 0C Model Hold 'CLOCK_50'
Slack : 0.173
TNS   : 0.000

Type  : Fast 1100mV 0C Model Recovery 'KEY[2]'
Slack : -1.283
TNS   : -2.564

Type  : Fast 1100mV 0C Model Recovery 'KEY[0]'
Slack : -1.261
TNS   : -1.261

Type  : Fast 1100mV 0C Model Removal 'KEY[2]'
Slack : 0.519
TNS   : 0.000

Type  : Fast 1100mV 0C Model Removal 'KEY[0]'
Slack : 0.637
TNS   : 0.000

Type  : Fast 1100mV 0C Model Minimum Pulse Width 'KEY[2]'
Slack : -0.780
TNS   : -2.649

Type  : Fast 1100mV 0C Model Minimum Pulse Width 'KEY[0]'
Slack : -0.750
TNS   : -1.373

Type  : Fast 1100mV 0C Model Minimum Pulse Width 'CLOCK_50'
Slack : -0.446
TNS   : -79.964

------------------------------------------------------------
