------------------------------------------------------------
Timing Analyzer Summary
------------------------------------------------------------

Type  : Slow 1100mV 85C Model Setup 'KEY[0]'
Slack : -11.508
TNS   : -20112.379

Type  : Slow 1100mV 85C Model Setup 'CLOCK_50'
Slack : -2.825
TNS   : -2.825

Type  : Slow 1100mV 85C Model Hold 'KEY[0]'
Slack : 0.623
TNS   : 0.000

Type  : Slow 1100mV 85C Model Hold 'CLOCK_50'
Slack : 0.791
TNS   : 0.000

Type  : Slow 1100mV 85C Model Minimum Pulse Width 'CLOCK_50'
Slack : -0.718
TNS   : -1.256

Type  : Slow 1100mV 85C Model Minimum Pulse Width 'KEY[0]'
Slack : -0.538
TNS   : -1787.185

Type  : Slow 1100mV 0C Model Setup 'KEY[0]'
Slack : -11.438
TNS   : -19607.454

Type  : Slow 1100mV 0C Model Setup 'CLOCK_50'
Slack : -2.811
TNS   : -2.811

Type  : Slow 1100mV 0C Model Hold 'KEY[0]'
Slack : 0.584
TNS   : 0.000

Type  : Slow 1100mV 0C Model Hold 'CLOCK_50'
Slack : 0.639
TNS   : 0.000

Type  : Slow 1100mV 0C Model Minimum Pulse Width 'CLOCK_50'
Slack : -0.716
TNS   : -1.275

Type  : Slow 1100mV 0C Model Minimum Pulse Width 'KEY[0]'
Slack : -0.538
TNS   : -1771.591

Type  : Fast 1100mV 85C Model Setup 'KEY[0]'
Slack : -5.880
TNS   : -9775.115

Type  : Fast 1100mV 85C Model Setup 'CLOCK_50'
Slack : -2.135
TNS   : -2.135

Type  : Fast 1100mV 85C Model Hold 'CLOCK_50'
Slack : 0.215
TNS   : 0.000

Type  : Fast 1100mV 85C Model Hold 'KEY[0]'
Slack : 0.265
TNS   : 0.000

Type  : Fast 1100mV 85C Model Minimum Pulse Width 'CLOCK_50'
Slack : -0.767
TNS   : -1.351

Type  : Fast 1100mV 85C Model Minimum Pulse Width 'KEY[0]'
Slack : -0.501
TNS   : -1100.567

Type  : Fast 1100mV 0C Model Setup 'KEY[0]'
Slack : -5.222
TNS   : -8583.760

Type  : Fast 1100mV 0C Model Setup 'CLOCK_50'
Slack : -2.018
TNS   : -2.018

Type  : Fast 1100mV 0C Model Hold 'CLOCK_50'
Slack : 0.083
TNS   : 0.000

Type  : Fast 1100mV 0C Model Hold 'KEY[0]'
Slack : 0.238
TNS   : 0.000

Type  : Fast 1100mV 0C Model Minimum Pulse Width 'CLOCK_50'
Slack : -0.764
TNS   : -1.403

Type  : Fast 1100mV 0C Model Minimum Pulse Width 'KEY[0]'
Slack : -0.571
TNS   : -1480.193

------------------------------------------------------------
