------------------------------------------------------------
Timing Analyzer Summary
------------------------------------------------------------

Type  : Slow 1100mV 85C Model Setup 'KEY[0]'
Slack : -3.676
TNS   : -104.478

Type  : Slow 1100mV 85C Model Hold 'KEY[0]'
Slack : 0.247
TNS   : 0.000

Type  : Slow 1100mV 85C Model Minimum Pulse Width 'KEY[0]'
Slack : -0.538
TNS   : -37.502

Type  : Slow 1100mV 0C Model Setup 'KEY[0]'
Slack : -3.865
TNS   : -108.551

Type  : Slow 1100mV 0C Model Hold 'KEY[0]'
Slack : 0.233
TNS   : 0.000

Type  : Slow 1100mV 0C Model Minimum Pulse Width 'KEY[0]'
Slack : -0.538
TNS   : -35.468

Type  : Fast 1100mV 85C Model Setup 'KEY[0]'
Slack : -1.199
TNS   : -28.656

Type  : Fast 1100mV 85C Model Hold 'KEY[0]'
Slack : 0.136
TNS   : 0.000

Type  : Fast 1100mV 85C Model Minimum Pulse Width 'KEY[0]'
Slack : -0.571
TNS   : -30.020

Type  : Fast 1100mV 0C Model Setup 'KEY[0]'
Slack : -1.051
TNS   : -23.861

Type  : Fast 1100mV 0C Model Hold 'KEY[0]'
Slack : 0.123
TNS   : 0.000

Type  : Fast 1100mV 0C Model Minimum Pulse Width 'KEY[0]'
Slack : -0.607
TNS   : -33.088

------------------------------------------------------------
