------------------------------------------------------------
Timing Analyzer Summary
------------------------------------------------------------

Type  : Slow 1100mV 85C Model Setup 'KEY[3]'
Slack : -11.321
TNS   : -3042.249

Type  : Slow 1100mV 85C Model Hold 'KEY[3]'
Slack : 0.469
TNS   : 0.000

Type  : Slow 1100mV 85C Model Recovery 'KEY[0]'
Slack : -6.873
TNS   : -6.873

Type  : Slow 1100mV 85C Model Removal 'KEY[0]'
Slack : 2.451
TNS   : 0.000

Type  : Slow 1100mV 85C Model Minimum Pulse Width 'KEY[0]'
Slack : -0.708
TNS   : -1.246

Type  : Slow 1100mV 85C Model Minimum Pulse Width 'KEY[3]'
Slack : -0.544
TNS   : -620.513

Type  : Slow 1100mV 0C Model Setup 'KEY[3]'
Slack : -11.391
TNS   : -2972.124

Type  : Slow 1100mV 0C Model Hold 'KEY[3]'
Slack : 0.503
TNS   : 0.000

Type  : Slow 1100mV 0C Model Recovery 'KEY[0]'
Slack : -6.905
TNS   : -6.905

Type  : Slow 1100mV 0C Model Removal 'KEY[0]'
Slack : 2.563
TNS   : 0.000

Type  : Slow 1100mV 0C Model Minimum Pulse Width 'KEY[0]'
Slack : -0.750
TNS   : -1.331

Type  : Slow 1100mV 0C Model Minimum Pulse Width 'KEY[3]'
Slack : -0.538
TNS   : -575.819

Type  : Fast 1100mV 85C Model Setup 'KEY[3]'
Slack : -5.340
TNS   : -1274.103

Type  : Fast 1100mV 85C Model Hold 'KEY[3]'
Slack : 0.184
TNS   : 0.000

Type  : Fast 1100mV 85C Model Recovery 'KEY[0]'
Slack : -3.090
TNS   : -3.090

Type  : Fast 1100mV 85C Model Removal 'KEY[0]'
Slack : 1.237
TNS   : 0.000

Type  : Fast 1100mV 85C Model Minimum Pulse Width 'KEY[0]'
Slack : -0.780
TNS   : -1.372

Type  : Fast 1100mV 85C Model Minimum Pulse Width 'KEY[3]'
Slack : -0.591
TNS   : -478.168

Type  : Fast 1100mV 0C Model Setup 'KEY[3]'
Slack : -4.732
TNS   : -1083.567

Type  : Fast 1100mV 0C Model Hold 'KEY[3]'
Slack : 0.174
TNS   : 0.000

Type  : Fast 1100mV 0C Model Recovery 'KEY[0]'
Slack : -2.918
TNS   : -2.918

Type  : Fast 1100mV 0C Model Removal 'KEY[0]'
Slack : 1.200
TNS   : 0.000

Type  : Fast 1100mV 0C Model Minimum Pulse Width 'KEY[0]'
Slack : -0.804
TNS   : -1.480

Type  : Fast 1100mV 0C Model Minimum Pulse Width 'KEY[3]'
Slack : -0.615
TNS   : -514.402

------------------------------------------------------------
