------------------------------------------------------------
Timing Analyzer Summary
------------------------------------------------------------

Type  : Slow 1100mV 85C Model Setup 'CLOCK_50'
Slack : -10.892
TNS   : -18698.934

Type  : Slow 1100mV 85C Model Hold 'CLOCK_50'
Slack : 0.460
TNS   : 0.000

Type  : Slow 1100mV 85C Model Minimum Pulse Width 'CLOCK_50'
Slack : -0.538
TNS   : -1961.354

Type  : Slow 1100mV 0C Model Setup 'CLOCK_50'
Slack : -10.915
TNS   : -18442.248

Type  : Slow 1100mV 0C Model Hold 'CLOCK_50'
Slack : 0.466
TNS   : 0.000

Type  : Slow 1100mV 0C Model Minimum Pulse Width 'CLOCK_50'
Slack : -0.538
TNS   : -1835.565

Type  : Fast 1100mV 85C Model Setup 'CLOCK_50'
Slack : -5.536
TNS   : -8873.571

Type  : Fast 1100mV 85C Model Hold 'CLOCK_50'
Slack : 0.181
TNS   : 0.000

Type  : Fast 1100mV 85C Model Minimum Pulse Width 'CLOCK_50'
Slack : -0.362
TNS   : -782.987

Type  : Fast 1100mV 0C Model Setup 'CLOCK_50'
Slack : -4.902
TNS   : -7760.342

Type  : Fast 1100mV 0C Model Hold 'CLOCK_50'
Slack : 0.170
TNS   : 0.000

Type  : Fast 1100mV 0C Model Minimum Pulse Width 'CLOCK_50'
Slack : -0.342
TNS   : -739.860

------------------------------------------------------------
